---
source: src/lib.rs
expression: "File::from_slice(bytes)"
---
Ok(
    File {
        general_settings: Some(
            GeneralSettings {
                name: "Tobias Bieniek",
                road: "Baumallee 14",
                location: "12345 Hamburg",
                pilot_name: "Bieniek, Tobias",
            },
        ),
        flight_logs: [
            FlightLog {
                title: "Segelflug",
                license_settings: LicenseSettings {
                    bf_starts: 0,
                    bf_time: Duration {
                        seconds: 0,
                        nanoseconds: 0,
                    },
                    license_since: Some(
                        2004-11-15,
                    ),
                    id_prefix: "D-",
                    distance_unit: "km",
                },
                aircraft_ids: [
                    "D-4449",
                    "D-9041",
                    "D-8784",
                    "D-0030",
                    "D-KCSS",
                    "D-4865",
                    "D-5074",
                    "D-1896",
                    "D-KAIM",
                    "D-0816",
                    "D-2914",
                    "D-KESH",
                    "D-KARM",
                    "D-4708",
                    "D-4462",
                ],
                aircraft_types: [
                    "Hornet-Libelle",
                    "Duo Discus",
                    "ASK 21",
                    "DG 1000",
                    "ASG 29E",
                    "ASK 21",
                    "ASK 21",
                    "LS 8",
                    "ASH 25E",
                    "LS 6",
                    "Twin Astir II",
                    "ASK 21 Mi",
                    "DG 1000",
                    "ASK 21",
                    "Hornet",
                ],
                copilots: [
                    "Mustermann, Max",
                    "Mustermann, Martin",
                    "Hampelmann, Heiner",
                ],
                locations: [
                    "Meiersberg",
                    "Hilden",
                    "Langenfeld Wiesch",
                    "Außenlandung",
                    "EDRS",
                    "St. Auban",
                    "Stölln Rhinow",
                    "EDKA",
                    "Puimoisson",
                    "EDKL",
                    "Düren-Hürtgenwald",
                    "Sainte Croix",
                ],
                column_widths: [
                    "30",
                    "62",
                    "62",
                    "44",
                    "82",
                    "92",
                    "21",
                    "35",
                    "34",
                    "35",
                    "13",
                    "85",
                    "88",
                    "251",
                    "46",
                    "88",
                    "9",
                    "6",
                    "4",
                    "96",
                ],
                time_categories: [],
                categories: [
                    "Schulflug",
                    "Einweisung",
                    "Gastflug",
                    "Wettbewerb",
                    "Gebirge",
                    "Kunstflug",
                    "Checkflug",
                    "FI",
                    "Auffrischungsschulung",
                ],
                contest_categories: [
                    "OLC",
                    "Hangelar",
                    "DMSt",
                ],
                license_categories: [],
                license_time_categories: [],
                license_dates: [],
                acc_licenses: [],
                opt_conditions: [],
                flights: [
                    Flight {
                        number: Some(
                            1,
                        ),
                        date: 2002-04-20,
                        aircraft_type: "ASK 13",
                        aircraft_id: "D-2326",
                        pilot_name: "Bieniek, Tobias",
                        copilot_name: "Mustermann, Max",
                        num_passengers: 0,
                        start_type: "W",
                        start_time: 11:40:00.0,
                        landing_time: 11:43:00.0,
                        flight_time: Duration {
                            seconds: 180,
                            nanoseconds: 0,
                        },
                        block_on_time: None,
                        block_off_time: None,
                        block_time: None,
                        num_landings: 1,
                        start_location: "Meiersberg",
                        landing_location: "Meiersberg",
                        remarks: "",
                        distance: None,
                        categories: [
                            "Schulflug",
                        ],
                    },
                    Flight {
                        number: Some(
                            2,
                        ),
                        date: 2002-04-20,
                        aircraft_type: "ASK 13",
                        aircraft_id: "D-2326",
                        pilot_name: "Bieniek, Tobias",
                        copilot_name: "Mustermann, Max",
                        num_passengers: 0,
                        start_type: "W",
                        start_time: 12:15:00.0,
                        landing_time: 12:18:00.0,
                        flight_time: Duration {
                            seconds: 180,
                            nanoseconds: 0,
                        },
                        block_on_time: None,
                        block_off_time: None,
                        block_time: None,
                        num_landings: 1,
                        start_location: "Meiersberg",
                        landing_location: "Meiersberg",
                        remarks: "",
                        distance: None,
                        categories: [
                            "Schulflug",
                        ],
                    },
                    Flight {
                        number: Some(
                            472,
                        ),
                        date: 2007-06-08,
                        aircraft_type: "Discus 2t",
                        aircraft_id: "D-KSFN",
                        pilot_name: "Bieniek, Tobias",
                        copilot_name: "",
                        num_passengers: 0,
                        start_type: "F",
                        start_time: 10:25:00.0,
                        landing_time: 15:11:00.0,
                        flight_time: Duration {
                            seconds: 17160,
                            nanoseconds: 0,
                        },
                        block_on_time: None,
                        block_off_time: None,
                        block_time: None,
                        num_landings: 1,
                        start_location: "Meiersberg",
                        landing_location: "Meiersberg",
                        remarks: "",
                        distance: Some(
                            326.0,
                        ),
                        categories: [],
                    },
                    Flight {
                        number: Some(
                            1021,
                        ),
                        date: 2017-08-07,
                        aircraft_type: "Hornet-Libelle",
                        aircraft_id: "D-4449",
                        pilot_name: "Bieniek, Tobias",
                        copilot_name: "",
                        num_passengers: 0,
                        start_type: "F",
                        start_time: 10:40:00.0,
                        landing_time: 16:03:00.0,
                        flight_time: Duration {
                            seconds: 19380,
                            nanoseconds: 0,
                        },
                        block_on_time: None,
                        block_off_time: None,
                        block_time: None,
                        num_landings: 1,
                        start_location: "Puimoisson",
                        landing_location: "Puimoisson",
                        remarks: "",
                        distance: None,
                        categories: [
                            "Gebirge",
                        ],
                    },
                    Flight {
                        number: Some(
                            1237,
                        ),
                        date: 2019-09-15,
                        aircraft_type: "ASK 21 Mi",
                        aircraft_id: "D-KESH",
                        pilot_name: "Bieniek, Tobias",
                        copilot_name: "+1",
                        num_passengers: 0,
                        start_type: "F",
                        start_time: 13:00:00.0,
                        landing_time: 13:21:00.0,
                        flight_time: Duration {
                            seconds: 1260,
                            nanoseconds: 0,
                        },
                        block_on_time: None,
                        block_off_time: None,
                        block_time: None,
                        num_landings: 1,
                        start_location: "EDKA",
                        landing_location: "EDKA",
                        remarks: "",
                        distance: None,
                        categories: [
                            "Gastflug",
                        ],
                    },
                    Flight {
                        number: Some(
                            1336,
                        ),
                        date: 2020-09-20,
                        aircraft_type: "ASK 21",
                        aircraft_id: "D-4708",
                        pilot_name: "Bieniek, Tobias",
                        copilot_name: "Hampelmann, Heiner",
                        num_passengers: 0,
                        start_type: "W",
                        start_time: 14:14:00.0,
                        landing_time: 14:18:00.0,
                        flight_time: Duration {
                            seconds: 240,
                            nanoseconds: 0,
                        },
                        block_on_time: None,
                        block_off_time: None,
                        block_time: None,
                        num_landings: 1,
                        start_location: "Düren-Hürtgenwald",
                        landing_location: "Düren-Hürtgenwald",
                        remarks: "",
                        distance: None,
                        categories: [
                            "FI",
                        ],
                    },
                ],
            },
            FlightLog {
                title: "Motorsegler",
                license_settings: LicenseSettings {
                    bf_starts: 0,
                    bf_time: Duration {
                        seconds: 0,
                        nanoseconds: 0,
                    },
                    license_since: Some(
                        2007-07-19,
                    ),
                    id_prefix: "D-K",
                    distance_unit: "km",
                },
                aircraft_ids: [
                    "D-KGTI",
                    "D-KGTC",
                    "D-KABH",
                    "D-KOEA",
                ],
                aircraft_types: [
                    "Super Dimona",
                    "Super Dimona",
                    "RF 4",
                    "Tandem Falke",
                ],
                copilots: [
                    "Mustermann, Martin",
                    "Hampelmann, Heiner",
                ],
                locations: [
                    "Meiersberg",
                ],
                column_widths: [
                    "30",
                    "62",
                    "44",
                    "50",
                    "60",
                    "55",
                    "42",
                    "42",
                    "30",
                    "30",
                    "85",
                    "88",
                    "80",
                    "46",
                    "88",
                    "68",
                    "119",
                    "53",
                    "96",
                ],
                time_categories: [
                    "Motorlaufzeit",
                ],
                categories: [
                    "Schulflug",
                    "Einweisung",
                    "Übungsflug m Fl",
                ],
                contest_categories: [],
                license_categories: [],
                license_time_categories: [],
                license_dates: [],
                acc_licenses: [],
                opt_conditions: [],
                flights: [
                    Flight {
                        number: Some(
                            1,
                        ),
                        date: 2004-09-18,
                        aircraft_type: "Super Dimona",
                        aircraft_id: "D-KGTI",
                        pilot_name: "Bieniek, Tobias",
                        copilot_name: "Mustermann, Martin",
                        num_passengers: 0,
                        start_type: "",
                        start_time: 15:52:00.0,
                        landing_time: 16:17:00.0,
                        flight_time: Duration {
                            seconds: 1500,
                            nanoseconds: 0,
                        },
                        block_on_time: None,
                        block_off_time: None,
                        block_time: None,
                        num_landings: 1,
                        start_location: "Meiersberg",
                        landing_location: "Meiersberg",
                        remarks: "",
                        distance: None,
                        categories: [
                            "Schulflug",
                        ],
                    },
                    Flight {
                        number: Some(
                            2,
                        ),
                        date: 2004-10-04,
                        aircraft_type: "Super Dimona",
                        aircraft_id: "D-KGTI",
                        pilot_name: "Bieniek, Tobias",
                        copilot_name: "Mustermann, Martin",
                        num_passengers: 0,
                        start_type: "",
                        start_time: 16:50:00.0,
                        landing_time: 17:07:00.0,
                        flight_time: Duration {
                            seconds: 1020,
                            nanoseconds: 0,
                        },
                        block_on_time: None,
                        block_off_time: None,
                        block_time: None,
                        num_landings: 3,
                        start_location: "Meiersberg",
                        landing_location: "Meiersberg",
                        remarks: "",
                        distance: None,
                        categories: [
                            "Schulflug",
                        ],
                    },
                    Flight {
                        number: Some(
                            32,
                        ),
                        date: 2007-07-18,
                        aircraft_type: "Super Dimona",
                        aircraft_id: "D-KGTI",
                        pilot_name: "Bieniek, Tobias",
                        copilot_name: "Hampelmann, Heiner",
                        num_passengers: 0,
                        start_type: "",
                        start_time: 12:56:00.0,
                        landing_time: 13:19:00.0,
                        flight_time: Duration {
                            seconds: 1380,
                            nanoseconds: 0,
                        },
                        block_on_time: None,
                        block_off_time: None,
                        block_time: None,
                        num_landings: 1,
                        start_location: "Meiersberg",
                        landing_location: "Meiersberg",
                        remarks: "Prüfung",
                        distance: None,
                        categories: [
                            "Schulflug",
                            "Übungsflug m Fl",
                        ],
                    },
                    Flight {
                        number: Some(
                            57,
                        ),
                        date: 2010-03-07,
                        aircraft_type: "Tandem Falke",
                        aircraft_id: "D-KOEA",
                        pilot_name: "Bieniek, Tobias",
                        copilot_name: "",
                        num_passengers: 0,
                        start_type: "",
                        start_time: 15:26:00.0,
                        landing_time: 15:46:00.0,
                        flight_time: Duration {
                            seconds: 1200,
                            nanoseconds: 0,
                        },
                        block_on_time: None,
                        block_off_time: None,
                        block_time: None,
                        num_landings: 1,
                        start_location: "Meiersberg",
                        landing_location: "Meiersberg",
                        remarks: "",
                        distance: None,
                        categories: [],
                    },
                ],
            },
        ],
    },
)
